[22:30:56] VM st-bench-1789439039, home distant /home/leghis
[22:30:56] SCP scripts -> /home/leghis
[22:31:01] LAUNCH distant detache (setsid)
[22:31:15] SUIVI (max 14400s)
[22:33:24] === SUITES RAISONNEMENT === 
[22:34:29] === SUITES RAISONNEMENT === 
[22:35:38] === SUITES RAISONNEMENT === 
[22:36:44] === SUITES RAISONNEMENT === 
[22:38:02] === SUITES RAISONNEMENT === 
[22:39:21] === SUITES RAISONNEMENT === 
[22:40:37] === SUITES RAISONNEMENT === [02:40:16] LCB: 20 taches (149 Mo lus) [02:40:16] SUITE AIME 2025: 30 taches 
[22:41:51] === SUITES RAISONNEMENT === [02:40:16] LCB: 20 taches (149 Mo lus) [02:40:16] SUITE AIME 2025: 30 taches 
[22:43:06] === SUITES RAISONNEMENT === [02:40:16] LCB: 20 taches (149 Mo lus) [02:40:16] SUITE AIME 2025: 30 taches 
[22:44:18] === SUITES RAISONNEMENT === [02:40:16] LCB: 20 taches (149 Mo lus) [02:40:16] SUITE AIME 2025: 30 taches 
[22:45:25] === SUITES RAISONNEMENT === [02:40:16] LCB: 20 taches (149 Mo lus) [02:40:16] SUITE AIME 2025: 30 taches 
[22:46:32] === SUITES RAISONNEMENT === [02:40:16] LCB: 20 taches (149 Mo lus) [02:40:16] SUITE AIME 2025: 30 taches 
[22:47:41] === SUITES RAISONNEMENT === [02:40:16] LCB: 20 taches (149 Mo lus) [02:40:16] SUITE AIME 2025: 30 taches 
[22:48:50] [02:40:16] LCB: 20 taches (149 Mo lus) [02:40:16] SUITE AIME 2025: 30 taches [02:47:56] AIME 2025: baseline 73.3% (22/30) vs tool 73.3% (22/30) | latence 16217->65828ms [02:47:56] SUITE MMLU-Pro: 20 taches 
[22:50:05] [02:40:16] LCB: 20 taches (149 Mo lus) [02:40:16] SUITE AIME 2025: 30 taches [02:47:56] AIME 2025: baseline 73.3% (22/30) vs tool 73.3% (22/30) | latence 16217->65828ms [02:47:56] SUITE MMLU-Pro: 20 taches 
[22:51:16] [02:47:56] AIME 2025: baseline 73.3% (22/30) vs tool 73.3% (22/30) | latence 16217->65828ms [02:47:56] SUITE MMLU-Pro: 20 taches [02:50:47] MMLU-Pro: baseline 75.0% (15/20) vs tool 85.0% (17/20) | latence 1804->17280ms [02:50:47] SUITE HMMT 2025: 30 taches 
[22:52:26] [02:47:56] AIME 2025: baseline 73.3% (22/30) vs tool 73.3% (22/30) | latence 16217->65828ms [02:47:56] SUITE MMLU-Pro: 20 taches [02:50:47] MMLU-Pro: baseline 75.0% (15/20) vs tool 85.0% (17/20) | latence 1804->17280ms [02:50:47] SUITE HMMT 2025: 30 taches 
[22:53:39] [02:47:56] AIME 2025: baseline 73.3% (22/30) vs tool 73.3% (22/30) | latence 16217->65828ms [02:47:56] SUITE MMLU-Pro: 20 taches [02:50:47] MMLU-Pro: baseline 75.0% (15/20) vs tool 85.0% (17/20) | latence 1804->17280ms [02:50:47] SUITE HMMT 2025: 30 taches 
[22:54:46] [02:47:56] AIME 2025: baseline 73.3% (22/30) vs tool 73.3% (22/30) | latence 16217->65828ms [02:47:56] SUITE MMLU-Pro: 20 taches [02:50:47] MMLU-Pro: baseline 75.0% (15/20) vs tool 85.0% (17/20) | latence 1804->17280ms [02:50:47] SUITE HMMT 2025: 30 taches 
[22:55:53] [02:47:56] AIME 2025: baseline 73.3% (22/30) vs tool 73.3% (22/30) | latence 16217->65828ms [02:47:56] SUITE MMLU-Pro: 20 taches [02:50:47] MMLU-Pro: baseline 75.0% (15/20) vs tool 85.0% (17/20) | latence 1804->17280ms [02:50:47] SUITE HMMT 2025: 30 taches 
[22:57:00] [02:47:56] AIME 2025: baseline 73.3% (22/30) vs tool 73.3% (22/30) | latence 16217->65828ms [02:47:56] SUITE MMLU-Pro: 20 taches [02:50:47] MMLU-Pro: baseline 75.0% (15/20) vs tool 85.0% (17/20) | latence 1804->17280ms [02:50:47] SUITE HMMT 2025: 30 taches 
[22:58:10] [02:47:56] AIME 2025: baseline 73.3% (22/30) vs tool 73.3% (22/30) | latence 16217->65828ms [02:47:56] SUITE MMLU-Pro: 20 taches [02:50:47] MMLU-Pro: baseline 75.0% (15/20) vs tool 85.0% (17/20) | latence 1804->17280ms [02:50:47] SUITE HMMT 2025: 30 taches 
[22:59:26] [02:47:56] AIME 2025: baseline 73.3% (22/30) vs tool 73.3% (22/30) | latence 16217->65828ms [02:47:56] SUITE MMLU-Pro: 20 taches [02:50:47] MMLU-Pro: baseline 75.0% (15/20) vs tool 85.0% (17/20) | latence 1804->17280ms [02:50:47] SUITE HMMT 2025: 30 taches 
[23:00:40] [02:47:56] AIME 2025: baseline 73.3% (22/30) vs tool 73.3% (22/30) | latence 16217->65828ms [02:47:56] SUITE MMLU-Pro: 20 taches [02:50:47] MMLU-Pro: baseline 75.0% (15/20) vs tool 85.0% (17/20) | latence 1804->17280ms [02:50:47] SUITE HMMT 2025: 30 taches 
[23:01:52] [02:47:56] AIME 2025: baseline 73.3% (22/30) vs tool 73.3% (22/30) | latence 16217->65828ms [02:47:56] SUITE MMLU-Pro: 20 taches [02:50:47] MMLU-Pro: baseline 75.0% (15/20) vs tool 85.0% (17/20) | latence 1804->17280ms [02:50:47] SUITE HMMT 2025: 30 taches 
[23:03:04] [02:47:56] AIME 2025: baseline 73.3% (22/30) vs tool 73.3% (22/30) | latence 16217->65828ms [02:47:56] SUITE MMLU-Pro: 20 taches [02:50:47] MMLU-Pro: baseline 75.0% (15/20) vs tool 85.0% (17/20) | latence 1804->17280ms [02:50:47] SUITE HMMT 2025: 30 taches 
[23:04:11] [02:47:56] AIME 2025: baseline 73.3% (22/30) vs tool 73.3% (22/30) | latence 16217->65828ms [02:47:56] SUITE MMLU-Pro: 20 taches [02:50:47] MMLU-Pro: baseline 75.0% (15/20) vs tool 85.0% (17/20) | latence 1804->17280ms [02:50:47] SUITE HMMT 2025: 30 taches 
[23:05:16] [02:47:56] AIME 2025: baseline 73.3% (22/30) vs tool 73.3% (22/30) | latence 16217->65828ms [02:47:56] SUITE MMLU-Pro: 20 taches [02:50:47] MMLU-Pro: baseline 75.0% (15/20) vs tool 85.0% (17/20) | latence 1804->17280ms [02:50:47] SUITE HMMT 2025: 30 taches 
[23:06:27] [02:47:56] AIME 2025: baseline 73.3% (22/30) vs tool 73.3% (22/30) | latence 16217->65828ms [02:47:56] SUITE MMLU-Pro: 20 taches [02:50:47] MMLU-Pro: baseline 75.0% (15/20) vs tool 85.0% (17/20) | latence 1804->17280ms [02:50:47] SUITE HMMT 2025: 30 taches 
[23:07:39] [02:50:47] MMLU-Pro: baseline 75.0% (15/20) vs tool 85.0% (17/20) | latence 1804->17280ms [02:50:47] SUITE HMMT 2025: 30 taches [03:07:04] HMMT 2025: baseline 33.3% (10/30) vs tool 43.3% (13/30) | latence 22505->135052ms [03:07:04] SUITE SimpleQA: 30 taches 
[23:08:45] [B-T-] LCB-abc302_c [B-T-] LCB-abc302_d [B-T-] LCB-abc301_c [B-T-] LCB-abc302_e 
[23:09:51] [B-T-] LCB-abc302_d [B-T-] LCB-abc301_c [B-T-] LCB-abc302_e [B-T-] LCB-abc301_d 
[23:11:04] [B-T-] LCB-abc301_c [B-T-] LCB-abc302_e [B-T-] LCB-abc301_d [B-T-] LCB-abc301_e 
[23:12:17] [B-T-] LCB-abc301_c [B-T-] LCB-abc302_e [B-T-] LCB-abc301_d [B-T-] LCB-abc301_e 
[23:13:32] [B-T-] LCB-abc301_c [B-T-] LCB-abc302_e [B-T-] LCB-abc301_d [B-T-] LCB-abc301_e 
[23:14:45] [B-T-] LCB-abc301_c [B-T-] LCB-abc302_e [B-T-] LCB-abc301_d [B-T-] LCB-abc301_e 
[23:15:56] [B-T-] LCB-abc301_c [B-T-] LCB-abc302_e [B-T-] LCB-abc301_d [B-T-] LCB-abc301_e 
[23:17:03] [B-T-] LCB-abc301_c [B-T-] LCB-abc302_e [B-T-] LCB-abc301_d [B-T-] LCB-abc301_e 
[23:18:10] reasoning exit=0 swebench wrapper exit=0 terminalbench wrapper exit=0 REMOTE done Tue Sep 15 03:17:48 UTC 2026 
[23:18:12] run distant termine
[23:18:12] FETCH resultats
[23:21:13] DONE — cleanup suit (trap)
[23:21:13] CLEANUP: arret du run distant si actif
[23:21:16] CLEANUP: suppression VM st-bench-1789439039 (disques inclus)
Deleted [https://www.googleapis.com/compute/v1/projects/beaming-delight-507904-e4/zones/europe-west1-b/instances/st-bench-1789439039].
[23:22:18] CLEANUP: instances restantes: []
[23:22:19] CLEANUP: disques restants: []
