WARNING: The directory '/home/leghis/.cache/pip' or its parent directory is not owned or is not writable by the current user. The cache has been disabled. Check the permissions and owner of that directory. If executing pip with sudo, you should use sudo's -H flag.
WARNING: The directory '/home/leghis/.cache/pip' or its parent directory is not owned or is not writable by the current user. The cache has been disabled. Check the permissions and owner of that directory. If executing pip with sudo, you should use sudo's -H flag.
dataset retenu: terminal-bench-core==0.1.1
tb run --agent oracle --n-concurrent 2 --dataset terminal-bench-core==0.1.1 --output-path /home/leghis/bench-results/terminalbench --n-tasks 10
TB exit=0
Starting harness run
Run ID: 2026-09-15__02-39-03
Docker buildx is not available. For better build cache cleanup, consider installing Docker buildx: https://docs.docker.com/buildx/working-with-buildx/
Docker buildx is not available. For better build cache cleanup, consider installing Docker buildx: https://docs.docker.com/buildx/working-with-buildx/
Docker buildx is not available. For better build cache cleanup, consider installing Docker buildx: https://docs.docker.com/buildx/working-with-buildx/
Docker buildx is not available. For better build cache cleanup, consider installing Docker buildx: https://docs.docker.com/buildx/working-with-buildx/
Docker buildx is not available. For better build cache cleanup, consider installing Docker buildx: https://docs.docker.com/buildx/working-with-buildx/
Docker buildx is not available. For better build cache cleanup, consider installing Docker buildx: https://docs.docker.com/buildx/working-with-buildx/
Docker buildx is not available. For better build cache cleanup, consider installing Docker buildx: https://docs.docker.com/buildx/working-with-buildx/
Docker buildx is not available. For better build cache cleanup, consider installing Docker buildx: https://docs.docker.com/buildx/working-with-buildx/
Docker buildx is not available. For better build cache cleanup, consider installing Docker buildx: https://docs.docker.com/buildx/working-with-buildx/
Docker buildx is not available. For better build cache cleanup, consider installing Docker buildx: https://docs.docker.com/buildx/working-with-buildx/
  Running tasks (10/10, Accuracy: 80.00%) - Last: sqlite-with-gcov ✓ ━━ 100% 0:…

Results Summary:
+-------------------+---------+
| Metric            | Value   |
+===================+=========+
| Resolved Trials   | 8       |
+-------------------+---------+
| Unresolved Trials | 2       |
+-------------------+---------+
| Accuracy          | 80.00%  |
+-------------------+---------+

Results written to 
/home/leghis/bench-results/terminalbench/2026-09-15__02-39-03/results.json
